Archive member included to satisfy reference by file (symbol)

/opt/st/stm32cubeide_1.11.0/plugins/com.st.stm32cube.ide.mcu.externaltools.gnu-tools-for-stm32.10.3-2021.10.linux64_1.0.100.202210260954/tools/bin/../lib/gcc/arm-none-eabi/10.3.1/../../../../arm-none-eabi/lib/thumb/v7e-m+fp/hard/libc_nano.a(lib_a-errno.o)
                              ./Core/Src/syscalls.o (__errno)
/opt/st/stm32cubeide_1.11.0/plugins/com.st.stm32cube.ide.mcu.externaltools.gnu-tools-for-stm32.10.3-2021.10.linux64_1.0.100.202210260954/tools/bin/../lib/gcc/arm-none-eabi/10.3.1/../../../../arm-none-eabi/lib/thumb/v7e-m+fp/hard/libc_nano.a(lib_a-exit.o)
                              /opt/st/stm32cubeide_1.11.0/plugins/com.st.stm32cube.ide.mcu.externaltools.gnu-tools-for-stm32.10.3-2021.10.linux64_1.0.100.202210260954/tools/bin/../lib/gcc/arm-none-eabi/10.3.1/../../../../arm-none-eabi/lib/thumb/v7e-m+fp/hard/crt0.o (exit)
/opt/st/stm32cubeide_1.11.0/plugins/com.st.stm32cube.ide.mcu.externaltools.gnu-tools-for-stm32.10.3-2021.10.linux64_1.0.100.202210260954/tools/bin/../lib/gcc/arm-none-eabi/10.3.1/../../../../arm-none-eabi/lib/thumb/v7e-m+fp/hard/libc_nano.a(lib_a-impure.o)
                              /opt/st/stm32cubeide_1.11.0/plugins/com.st.stm32cube.ide.mcu.externaltools.gnu-tools-for-stm32.10.3-2021.10.linux64_1.0.100.202210260954/tools/bin/../lib/gcc/arm-none-eabi/10.3.1/../../../../arm-none-eabi/lib/thumb/v7e-m+fp/hard/libc_nano.a(lib_a-exit.o) (_global_impure_ptr)
/opt/st/stm32cubeide_1.11.0/plugins/com.st.stm32cube.ide.mcu.externaltools.gnu-tools-for-stm32.10.3-2021.10.linux64_1.0.100.202210260954/tools/bin/../lib/gcc/arm-none-eabi/10.3.1/../../../../arm-none-eabi/lib/thumb/v7e-m+fp/hard/libc_nano.a(lib_a-init.o)
                              /opt/st/stm32cubeide_1.11.0/plugins/com.st.stm32cube.ide.mcu.externaltools.gnu-tools-for-stm32.10.3-2021.10.linux64_1.0.100.202210260954/tools/bin/../lib/gcc/arm-none-eabi/10.3.1/../../../../arm-none-eabi/lib/thumb/v7e-m+fp/hard/crt0.o (__libc_init_array)
/opt/st/stm32cubeide_1.11.0/plugins/com.st.stm32cube.ide.mcu.externaltools.gnu-tools-for-stm32.10.3-2021.10.linux64_1.0.100.202210260954/tools/bin/../lib/gcc/arm-none-eabi/10.3.1/../../../../arm-none-eabi/lib/thumb/v7e-m+fp/hard/libc_nano.a(lib_a-memcpy-stub.o)
                              ./ThirdParty/FreeRTOS/queue.o (memcpy)
/opt/st/stm32cubeide_1.11.0/plugins/com.st.stm32cube.ide.mcu.externaltools.gnu-tools-for-stm32.10.3-2021.10.linux64_1.0.100.202210260954/tools/bin/../lib/gcc/arm-none-eabi/10.3.1/../../../../arm-none-eabi/lib/thumb/v7e-m+fp/hard/libc_nano.a(lib_a-memset.o)
                              /opt/st/stm32cubeide_1.11.0/plugins/com.st.stm32cube.ide.mcu.externaltools.gnu-tools-for-stm32.10.3-2021.10.linux64_1.0.100.202210260954/tools/bin/../lib/gcc/arm-none-eabi/10.3.1/../../../../arm-none-eabi/lib/thumb/v7e-m+fp/hard/crt0.o (memset)
/opt/st/stm32cubeide_1.11.0/plugins/com.st.stm32cube.ide.mcu.externaltools.gnu-tools-for-stm32.10.3-2021.10.linux64_1.0.100.202210260954/tools/bin/../lib/gcc/arm-none-eabi/10.3.1/thumb/v7e-m+fp/hard/libgcc.a(_aeabi_uldivmod.o)
                              ./Drivers/STM32F4xx_HAL_Driver/Src/stm32f4xx_hal_rcc.o (__aeabi_uldivmod)
/opt/st/stm32cubeide_1.11.0/plugins/com.st.stm32cube.ide.mcu.externaltools.gnu-tools-for-stm32.10.3-2021.10.linux64_1.0.100.202210260954/tools/bin/../lib/gcc/arm-none-eabi/10.3.1/thumb/v7e-m+fp/hard/libgcc.a(_udivmoddi4.o)
                              /opt/st/stm32cubeide_1.11.0/plugins/com.st.stm32cube.ide.mcu.externaltools.gnu-tools-for-stm32.10.3-2021.10.linux64_1.0.100.202210260954/tools/bin/../lib/gcc/arm-none-eabi/10.3.1/thumb/v7e-m+fp/hard/libgcc.a(_aeabi_uldivmod.o) (__udivmoddi4)
/opt/st/stm32cubeide_1.11.0/plugins/com.st.stm32cube.ide.mcu.externaltools.gnu-tools-for-stm32.10.3-2021.10.linux64_1.0.100.202210260954/tools/bin/../lib/gcc/arm-none-eabi/10.3.1/thumb/v7e-m+fp/hard/libgcc.a(_dvmd_tls.o)
                              /opt/st/stm32cubeide_1.11.0/plugins/com.st.stm32cube.ide.mcu.externaltools.gnu-tools-for-stm32.10.3-2021.10.linux64_1.0.100.202210260954/tools/bin/../lib/gcc/arm-none-eabi/10.3.1/thumb/v7e-m+fp/hard/libgcc.a(_aeabi_uldivmod.o) (__aeabi_ldiv0)

Discarded input sections

 .text          0x0000000000000000        0x0 /opt/st/stm32cubeide_1.11.0/plugins/com.st.stm32cube.ide.mcu.externaltools.gnu-tools-for-stm32.10.3-2021.10.linux64_1.0.100.202210260954/tools/bin/../lib/gcc/arm-none-eabi/10.3.1/thumb/v7e-m+fp/hard/crti.o
 .data          0x0000000000000000        0x0 /opt/st/stm32cubeide_1.11.0/plugins/com.st.stm32cube.ide.mcu.externaltools.gnu-tools-for-stm32.10.3-2021.10.linux64_1.0.100.202210260954/tools/bin/../lib/gcc/arm-none-eabi/10.3.1/thumb/v7e-m+fp/hard/crti.o
 .bss           0x0000000000000000        0x0 /opt/st/stm32cubeide_1.11.0/plugins/com.st.stm32cube.ide.mcu.externaltools.gnu-tools-for-stm32.10.3-2021.10.linux64_1.0.100.202210260954/tools/bin/../lib/gcc/arm-none-eabi/10.3.1/thumb/v7e-m+fp/hard/crti.o
[...]
Memory Configuration

Name             Origin             Length             Attributes
RAM              0x0000000020000000 0x0000000000020000 xrw
FLASH            0x0000000008000000 0x0000000000080000 xr
*default*        0x0000000000000000 0xffffffffffffffff

Linker script and memory map

LOAD /opt/st/stm32cubeide_1.11.0/plugins/com.st.stm32cube.ide.mcu.externaltools.gnu-tools-for-stm32.10.3-2021.10.linux64_1.0.100.202210260954/tools/bin/../lib/gcc/arm-none-eabi/10.3.1/thumb/v7e-m+fp/hard/crti.o
LOAD /opt/st/stm32cubeide_1.11.0/plugins/com.st.stm32cube.ide.mcu.externaltools.gnu-tools-for-stm32.10.3-2021.10.linux64_1.0.100.202210260954/tools/bin/../lib/gcc/arm-none-eabi/10.3.1/thumb/v7e-m+fp/hard/crtbegin.o
LOAD /opt/st/stm32cubeide_1.11.0/plugins/com.st.stm32cube.ide.mcu.externaltools.gnu-tools-for-stm32.10.3-2021.10.linux64_1.0.100.202210260954/tools/bin/../lib/gcc/arm-none-eabi/10.3.1/../../../../arm-none-eabi/lib/thumb/v7e-m+fp/hard/crt0.o
LOAD ./Core/Src/main.o
LOAD ./Core/Src/stm32f4xx_hal_msp.o
LOAD ./Core/Src/stm32f4xx_hal_timebase_tim.o
LOAD ./Core/Src/stm32f4xx_it.o
LOAD ./Core/Src/syscalls.o
LOAD ./Core/Src/system_stm32f4xx.o
LOAD ./Core/Startup/startup_stm32f411vetx.o
LOAD ./Drivers/STM32F4xx_HAL_Driver/Src/stm32f4xx_hal.o
LOAD ./Drivers/STM32F4xx_HAL_Driver/Src/stm32f4xx_hal_cortex.o
LOAD ./Drivers/STM32F4xx_HAL_Driver/Src/stm32f4xx_hal_dma.o
LOAD ./Drivers/STM32F4xx_HAL_Driver/Src/stm32f4xx_hal_dma_ex.o
LOAD ./Drivers/STM32F4xx_HAL_Driver/Src/stm32f4xx_hal_exti.o
LOAD ./Drivers/STM32F4xx_HAL_Driver/Src/stm32f4xx_hal_flash.o
LOAD ./Drivers/STM32F4xx_HAL_Driver/Src/stm32f4xx_hal_flash_ex.o
LOAD ./Drivers/STM32F4xx_HAL_Driver/Src/stm32f4xx_hal_flash_ramfunc.o
LOAD ./Drivers/STM32F4xx_HAL_Driver/Src/stm32f4xx_hal_gpio.o
LOAD ./Drivers/STM32F4xx_HAL_Driver/Src/stm32f4xx_hal_pwr.o
LOAD ./Drivers/STM32F4xx_HAL_Driver/Src/stm32f4xx_hal_pwr_ex.o
LOAD ./Drivers/STM32F4xx_HAL_Driver/Src/stm32f4xx_hal_rcc.o
LOAD ./Drivers/STM32F4xx_HAL_Driver/Src/stm32f4xx_hal_rcc_ex.o
LOAD ./Drivers/STM32F4xx_HAL_Driver/Src/stm32f4xx_hal_tim.o
LOAD ./Drivers/STM32F4xx_HAL_Driver/Src/stm32f4xx_hal_tim_ex.o
LOAD ./ThirdParty/FreeRTOS/croutine.o
LOAD ./ThirdParty/FreeRTOS/event_groups.o
LOAD ./ThirdParty/FreeRTOS/list.o
LOAD ./ThirdParty/FreeRTOS/queue.o
LOAD ./ThirdParty/FreeRTOS/stream_buffer.o
LOAD ./ThirdParty/FreeRTOS/tasks.o
LOAD ./ThirdParty/FreeRTOS/timers.o
LOAD ./ThirdParty/FreeRTOS/portable/GCC/ARM_CM4F/port.o
LOAD ./ThirdParty/FreeRTOS/portable/MemMang/heap_4.o
START GROUP
LOAD /opt/st/stm32cubeide_1.11.0/plugins/com.st.stm32cube.ide.mcu.externaltools.gnu-tools-for-stm32.10.3-2021.10.linux64_1.0.100.202210260954/tools/bin/../lib/gcc/arm-none-eabi/10.3.1/../../../../arm-none-eabi/lib/thumb/v7e-m+fp/hard/libc_nano.a
LOAD /opt/st/stm32cubeide_1.11.0/plugins/com.st.stm32cube.ide.mcu.externaltools.gnu-tools-for-stm32.10.3-2021.10.linux64_1.0.100.202210260954/tools/bin/../lib/gcc/arm-none-eabi/10.3.1/../../../../arm-none-eabi/lib/thumb/v7e-m+fp/hard/libm.a
END GROUP
START GROUP
LOAD /opt/st/stm32cubeide_1.11.0/plugins/com.st.stm32cube.ide.mcu.externaltools.gnu-tools-for-stm32.10.3-2021.10.linux64_1.0.100.202210260954/tools/bin/../lib/gcc/arm-none-eabi/10.3.1/thumb/v7e-m+fp/hard/libgcc.a
LOAD /opt/st/stm32cubeide_1.11.0/plugins/com.st.stm32cube.ide.mcu.externaltools.gnu-tools-for-stm32.10.3-2021.10.linux64_1.0.100.202210260954/tools/bin/../lib/gcc/arm-none-eabi/10.3.1/../../../../arm-none-eabi/lib/thumb/v7e-m+fp/hard/libc_nano.a
END GROUP
START GROUP
LOAD /opt/st/stm32cubeide_1.11.0/plugins/com.st.stm32cube.ide.mcu.externaltools.gnu-tools-for-stm32.10.3-2021.10.linux64_1.0.100.202210260954/tools/bin/../lib/gcc/arm-none-eabi/10.3.1/thumb/v7e-m+fp/hard/libgcc.a
LOAD /opt/st/stm32cubeide_1.11.0/plugins/com.st.stm32cube.ide.mcu.externaltools.gnu-tools-for-stm32.10.3-2021.10.linux64_1.0.100.202210260954/tools/bin/../lib/gcc/arm-none-eabi/10.3.1/../../../../arm-none-eabi/lib/thumb/v7e-m+fp/hard/libc_nano.a
LOAD /opt/st/stm32cubeide_1.11.0/plugins/com.st.stm32cube.ide.mcu.externaltools.gnu-tools-for-stm32.10.3-2021.10.linux64_1.0.100.202210260954/tools/bin/../lib/gcc/arm-none-eabi/10.3.1/../../../../arm-none-eabi/lib/thumb/v7e-m+fp/hard/libnosys.a
END GROUP
START GROUP
LOAD /opt/st/stm32cubeide_1.11.0/plugins/com.st.stm32cube.ide.mcu.externaltools.gnu-tools-for-stm32.10.3-2021.10.linux64_1.0.100.202210260954/tools/bin/../lib/gcc/arm-none-eabi/10.3.1/thumb/v7e-m+fp/hard/libgcc.a
LOAD /opt/st/stm32cubeide_1.11.0/plugins/com.st.stm32cube.ide.mcu.externaltools.gnu-tools-for-stm32.10.3-2021.10.linux64_1.0.100.202210260954/tools/bin/../lib/gcc/arm-none-eabi/10.3.1/../../../../arm-none-eabi/lib/thumb/v7e-m+fp/hard/libc_nano.a
LOAD /opt/st/stm32cubeide_1.11.0/plugins/com.st.stm32cube.ide.mcu.externaltools.gnu-tools-for-stm32.10.3-2021.10.linux64_1.0.100.202210260954/tools/bin/../lib/gcc/arm-none-eabi/10.3.1/../../../../arm-none-eabi/lib/thumb/v7e-m+fp/hard/libnosys.a
END GROUP
LOAD /opt/st/stm32cubeide_1.11.0/plugins/com.st.stm32cube.ide.mcu.externaltools.gnu-tools-for-stm32.10.3-2021.10.linux64_1.0.100.202210260954/tools/bin/../lib/gcc/arm-none-eabi/10.3.1/thumb/v7e-m+fp/hard/crtend.o
LOAD /opt/st/stm32cubeide_1.11.0/plugins/com.st.stm32cube.ide.mcu.externaltools.gnu-tools-for-stm32.10.3-2021.10.linux64_1.0.100.202210260954/tools/bin/../lib/gcc/arm-none-eabi/10.3.1/thumb/v7e-m+fp/hard/crtn.o
                0x0000000020020000                _estack = (ORIGIN (RAM) + LENGTH (RAM))
                0x0000000000000200                _Min_Heap_Size = 0x200
                0x0000000000000400                _Min_Stack_Size = 0x400

.isr_vector     0x0000000008000000      0x198
                0x0000000008000000                . = ALIGN (0x4)
 *(.isr_vector)
 .isr_vector    0x0000000008000000      0x198 ./Core/Startup/startup_stm32f411vetx.o
                0x0000000008000000                g_pfnVectors
                0x0000000008000198                . = ALIGN (0x4)

.text           0x00000000080001a0     0x4904
                0x00000000080001a0                . = ALIGN (0x4)
 *(.text)
 .text          0x00000000080001a0       0x40 /opt/st/stm32cubeide_1.11.0/plugins/com.st.stm32cube.ide.mcu.externaltools.gnu-tools-for-stm32.10.3-2021.10.linux64_1.0.100.202210260954/tools/bin/../lib/gcc/arm-none-eabi/10.3.1/thumb/v7e-m+fp/hard/crtbegin.o
 .text          0x00000000080001e0       0x30 /opt/st/stm32cubeide_1.11.0/plugins/com.st.stm32cube.ide.mcu.externaltools.gnu-tools-for-stm32.10.3-2021.10.linux64_1.0.100.202210260954/tools/bin/../lib/gcc/arm-none-eabi/10.3.1/thumb/v7e-m+fp/hard/libgcc.a(_aeabi_uldivmod.o)
                0x00000000080001e0                __aeabi_uldivmod
 .text          0x0000000008000210      0x2d0 /opt/st/stm32cubeide_1.11.0/plugins/com.st.stm32cube.ide.mcu.externaltools.gnu-tools-for-stm32.10.3-2021.10.linux64_1.0.100.202210260954/tools/bin/../lib/gcc/arm-none-eabi/10.3.1/thumb/v7e-m+fp/hard/libgcc.a(_udivmoddi4.o)
                0x0000000008000210                __udivmoddi4
 .text          0x00000000080004e0        0x4 /opt/st/stm32cubeide_1.11.0/plugins/com.st.stm32cube.ide.mcu.externaltools.gnu-tools-for-stm32.10.3-2021.10.linux64_1.0.100.202210260954/tools/bin/../lib/gcc/arm-none-eabi/10.3.1/thumb/v7e-m+fp/hard/libgcc.a(_dvmd_tls.o)
                0x00000000080004e0                __aeabi_ldiv0
                0x00000000080004e0                __aeabi_idiv0
 *(.text*)
 .text.main     0x00000000080004e4      0x138 ./Core/Src/main.o
                0x00000000080004e4                main
 .text.SystemClock_Config
                0x000000000800061c       0xbc ./Core/Src/main.o
                0x000000000800061c                SystemClock_Config
 .text.MX_GPIO_Init
                0x00000000080006d8       0xb8 ./Core/Src/main.o
 .text.button_interrupt_handler
                0x0000000008000790       0x48 ./Core/Src/main.o
                0x0000000008000790                button_interrupt_handler
 .text.GreenLED
                0x00000000080007d8       0x5c ./Core/Src/main.o
 .text.RedLED   0x0000000008000834       0x5c ./Core/Src/main.o
 .text.blueLED  0x0000000008000890       0x64 ./Core/Src/main.o
 .text.OrangeLED
                0x00000000080008f4       0x5c ./Core/Src/main.o
 .text.HAL_TIM_PeriodElapsedCallback
                0x0000000008000950       0x24 ./Core/Src/main.o
                0x0000000008000950                HAL_TIM_PeriodElapsedCallback
 .text.Error_Handler
                0x0000000008000974        0xa ./Core/Src/main.o
                0x0000000008000974                Error_Handler
 *fill*         0x000000000800097e        0x2 
 .text.HAL_MspInit
                0x0000000008000980       0x50 ./Core/Src/stm32f4xx_hal_msp.o
                0x0000000008000980                HAL_MspInit
 .text.HAL_InitTick
                0x00000000080009d0       0xe4 ./Core/Src/stm32f4xx_hal_timebase_tim.o
                0x00000000080009d0                HAL_InitTick
 .text.NMI_Handler
                0x0000000008000ab4        0x6 ./Core/Src/stm32f4xx_it.o
                0x0000000008000ab4                NMI_Handler
 .text.HardFault_Handler
                0x0000000008000aba        0x6 ./Core/Src/stm32f4xx_it.o
                0x0000000008000aba                HardFault_Handler
 .text.MemManage_Handler
                0x0000000008000ac0        0x6 ./Core/Src/stm32f4xx_it.o
                0x0000000008000ac0                MemManage_Handler
 .text.BusFault_Handler
                0x0000000008000ac6        0x6 ./Core/Src/stm32f4xx_it.o
                0x0000000008000ac6                BusFault_Handler
 .text.UsageFault_Handler
                0x0000000008000acc        0x6 ./Core/Src/stm32f4xx_it.o
                0x0000000008000acc                UsageFault_Handler
 .text.DebugMon_Handler
                0x0000000008000ad2        0xe ./Core/Src/stm32f4xx_it.o
                0x0000000008000ad2                DebugMon_Handler
 .text.EXTI0_IRQHandler
                0x0000000008000ae0       0x12 ./Core/Src/stm32f4xx_it.o
                0x0000000008000ae0                EXTI0_IRQHandler
 *fill*         0x0000000008000af2        0x2 
 .text.TIM1_BRK_TIM9_IRQHandler
                0x0000000008000af4       0x14 ./Core/Src/stm32f4xx_it.o
                0x0000000008000af4                TIM1_BRK_TIM9_IRQHandler
 .text.SystemInit
                0x0000000008000b08       0x24 ./Core/Src/system_stm32f4xx.o
                0x0000000008000b08                SystemInit
 .text.Reset_Handler
                0x0000000008000b2c       0x50 ./Core/Startup/startup_stm32f411vetx.o
                0x0000000008000b2c                Reset_Handler
 .text.Default_Handler
                0x0000000008000b7c        0x2 ./Core/Startup/startup_stm32f411vetx.o
                0x0000000008000b7c                RTC_Alarm_IRQHandler
                0x0000000008000b7c                EXTI2_IRQHandler
                0x0000000008000b7c                SPI4_IRQHandler
                0x0000000008000b7c                TIM1_CC_IRQHandler
                0x0000000008000b7c                DMA2_Stream5_IRQHandler
                0x0000000008000b7c                DMA1_Stream5_IRQHandler
                0x0000000008000b7c                PVD_IRQHandler
                0x0000000008000b7c                SDIO_IRQHandler
                0x0000000008000b7c                TAMP_STAMP_IRQHandler
                0x0000000008000b7c                EXTI3_IRQHandler
                0x0000000008000b7c                TIM1_UP_TIM10_IRQHandler
                0x0000000008000b7c                I2C3_ER_IRQHandler
                0x0000000008000b7c                I2C2_EV_IRQHandler
                0x0000000008000b7c                DMA1_Stream2_IRQHandler
                0x0000000008000b7c                FPU_IRQHandler
                0x0000000008000b7c                DMA2_Stream2_IRQHandler
                0x0000000008000b7c                SPI1_IRQHandler
                0x0000000008000b7c                DMA2_Stream3_IRQHandler
                0x0000000008000b7c                USART6_IRQHandler
                0x0000000008000b7c                DMA2_Stream0_IRQHandler
                0x0000000008000b7c                TIM4_IRQHandler
                0x0000000008000b7c                I2C1_EV_IRQHandler
                0x0000000008000b7c                DMA1_Stream6_IRQHandler
                0x0000000008000b7c                DMA1_Stream1_IRQHandler
                0x0000000008000b7c                TIM3_IRQHandler
                0x0000000008000b7c                RCC_IRQHandler
                0x0000000008000b7c                Default_Handler
                0x0000000008000b7c                EXTI15_10_IRQHandler
                0x0000000008000b7c                ADC_IRQHandler
                0x0000000008000b7c                DMA1_Stream7_IRQHandler
                0x0000000008000b7c                SPI5_IRQHandler
                0x0000000008000b7c                TIM5_IRQHandler
                0x0000000008000b7c                DMA2_Stream7_IRQHandler
                0x0000000008000b7c                I2C3_EV_IRQHandler
                0x0000000008000b7c                EXTI9_5_IRQHandler
                0x0000000008000b7c                RTC_WKUP_IRQHandler
                0x0000000008000b7c                SPI2_IRQHandler
                0x0000000008000b7c                DMA1_Stream0_IRQHandler
                0x0000000008000b7c                EXTI4_IRQHandler
                0x0000000008000b7c                WWDG_IRQHandler
                0x0000000008000b7c                TIM2_IRQHandler
                0x0000000008000b7c                OTG_FS_WKUP_IRQHandler
                0x0000000008000b7c                TIM1_TRG_COM_TIM11_IRQHandler
                0x0000000008000b7c                EXTI1_IRQHandler
                0x0000000008000b7c                USART2_IRQHandler
                0x0000000008000b7c                I2C2_ER_IRQHandler
                0x0000000008000b7c                DMA2_Stream1_IRQHandler
                0x0000000008000b7c                FLASH_IRQHandler
                0x0000000008000b7c                DMA2_Stream4_IRQHandler
                0x0000000008000b7c                USART1_IRQHandler
                0x0000000008000b7c                OTG_FS_IRQHandler
                0x0000000008000b7c                SPI3_IRQHandler
                0x0000000008000b7c                DMA1_Stream4_IRQHandler
                0x0000000008000b7c                I2C1_ER_IRQHandler
                0x0000000008000b7c                DMA2_Stream6_IRQHandler
                0x0000000008000b7c                DMA1_Stream3_IRQHandler
 *fill*         0x0000000008000b7e        0x2 
 .text.HAL_Init
                0x0000000008000b80       0x44 ./Drivers/STM32F4xx_HAL_Driver/Src/stm32f4xx_hal.o
                0x0000000008000b80                HAL_Init
 .text.HAL_IncTick
                0x0000000008000bc4       0x28 ./Drivers/STM32F4xx_HAL_Driver/Src/stm32f4xx_hal.o
                0x0000000008000bc4                HAL_IncTick
 .text.HAL_GetTick
                0x0000000008000bec       0x18 ./Drivers/STM32F4xx_HAL_Driver/Src/stm32f4xx_hal.o
                0x0000000008000bec                HAL_GetTick
 .text.__NVIC_SetPriorityGrouping
                0x0000000008000c04       0x48 ./Drivers/STM32F4xx_HAL_Driver/Src/stm32f4xx_hal_cortex.o
 .text.__NVIC_GetPriorityGrouping
                0x0000000008000c4c       0x1c ./Drivers/STM32F4xx_HAL_Driver/Src/stm32f4xx_hal_cortex.o
 .text.__NVIC_EnableIRQ
                0x0000000008000c68       0x3c ./Drivers/STM32F4xx_HAL_Driver/Src/stm32f4xx_hal_cortex.o
 .text.__NVIC_SetPriority
                0x0000000008000ca4       0x54 ./Drivers/STM32F4xx_HAL_Driver/Src/stm32f4xx_hal_cortex.o
 .text.NVIC_EncodePriority
                0x0000000008000cf8       0x66 ./Drivers/STM32F4xx_HAL_Driver/Src/stm32f4xx_hal_cortex.o
 .text.HAL_NVIC_SetPriorityGrouping
                0x0000000008000d5e       0x16 ./Drivers/STM32F4xx_HAL_Driver/Src/stm32f4xx_hal_cortex.o
                0x0000000008000d5e                HAL_NVIC_SetPriorityGrouping
 .text.HAL_NVIC_SetPriority
                0x0000000008000d74       0x38 ./Drivers/STM32F4xx_HAL_Driver/Src/stm32f4xx_hal_cortex.o
                0x0000000008000d74                HAL_NVIC_SetPriority
 .text.HAL_NVIC_EnableIRQ
                0x0000000008000dac       0x1c ./Drivers/STM32F4xx_HAL_Driver/Src/stm32f4xx_hal_cortex.o
                0x0000000008000dac                HAL_NVIC_EnableIRQ
 .text.HAL_GPIO_Init
                0x0000000008000dc8      0x308 ./Drivers/STM32F4xx_HAL_Driver/Src/stm32f4xx_hal_gpio.o
                0x0000000008000dc8                HAL_GPIO_Init
 .text.HAL_GPIO_WritePin
                0x00000000080010d0       0x32 ./Drivers/STM32F4xx_HAL_Driver/Src/stm32f4xx_hal_gpio.o
                0x00000000080010d0                HAL_GPIO_WritePin
 .text.HAL_GPIO_TogglePin
                0x0000000008001102       0x34 ./Drivers/STM32F4xx_HAL_Driver/Src/stm32f4xx_hal_gpio.o
                0x0000000008001102                HAL_GPIO_TogglePin
 *fill*         0x0000000008001136        0x2 
 .text.HAL_GPIO_EXTI_IRQHandler
                0x0000000008001138       0x30 ./Drivers/STM32F4xx_HAL_Driver/Src/stm32f4xx_hal_gpio.o
                0x0000000008001138                HAL_GPIO_EXTI_IRQHandler
 .text.HAL_GPIO_EXTI_Callback
                0x0000000008001168       0x16 ./Drivers/STM32F4xx_HAL_Driver/Src/stm32f4xx_hal_gpio.o
                0x0000000008001168                HAL_GPIO_EXTI_Callback
 *fill*         0x000000000800117e        0x2 
 .text.HAL_RCC_OscConfig
                0x0000000008001180      0x4f0 ./Drivers/STM32F4xx_HAL_Driver/Src/stm32f4xx_hal_rcc.o
                0x0000000008001180                HAL_RCC_OscConfig
 .text.HAL_RCC_ClockConfig
                0x0000000008001670      0x1cc ./Drivers/STM32F4xx_HAL_Driver/Src/stm32f4xx_hal_rcc.o
                0x0000000008001670                HAL_RCC_ClockConfig
 .text.HAL_RCC_GetSysClockFreq
                0x000000000800183c      0x18c ./Drivers/STM32F4xx_HAL_Driver/Src/stm32f4xx_hal_rcc.o
                0x000000000800183c                HAL_RCC_GetSysClockFreq
 .text.HAL_RCC_GetHCLKFreq
                0x00000000080019c8       0x18 ./Drivers/STM32F4xx_HAL_Driver/Src/stm32f4xx_hal_rcc.o
                0x00000000080019c8                HAL_RCC_GetHCLKFreq
 .text.HAL_RCC_GetPCLK2Freq
                0x00000000080019e0       0x28 ./Drivers/STM32F4xx_HAL_Driver/Src/stm32f4xx_hal_rcc.o
                0x00000000080019e0                HAL_RCC_GetPCLK2Freq
 .text.HAL_RCC_GetClockConfig
                0x0000000008001a08       0x64 ./Drivers/STM32F4xx_HAL_Driver/Src/stm32f4xx_hal_rcc.o
                0x0000000008001a08                HAL_RCC_GetClockConfig
 .text.HAL_TIM_Base_Init
                0x0000000008001a6c       0x9e ./Drivers/STM32F4xx_HAL_Driver/Src/stm32f4xx_hal_tim.o
                0x0000000008001a6c                HAL_TIM_Base_Init
 .text.HAL_TIM_Base_MspInit
                0x0000000008001b0a       0x14 ./Drivers/STM32F4xx_HAL_Driver/Src/stm32f4xx_hal_tim.o
                0x0000000008001b0a                HAL_TIM_Base_MspInit
 *fill*         0x0000000008001b1e        0x2 
 .text.HAL_TIM_Base_Start_IT
                0x0000000008001b20       0xc4 ./Drivers/STM32F4xx_HAL_Driver/Src/stm32f4xx_hal_tim.o
                0x0000000008001b20                HAL_TIM_Base_Start_IT
 .text.HAL_TIM_IRQHandler
                0x0000000008001be4      0x210 ./Drivers/STM32F4xx_HAL_Driver/Src/stm32f4xx_hal_tim.o
                0x0000000008001be4                HAL_TIM_IRQHandler
 .text.HAL_TIM_OC_DelayElapsedCallback
                0x0000000008001df4       0x14 ./Drivers/STM32F4xx_HAL_Driver/Src/stm32f4xx_hal_tim.o
                0x0000000008001df4                HAL_TIM_OC_DelayElapsedCallback
 .text.HAL_TIM_IC_CaptureCallback
                0x0000000008001e08       0x14 ./Drivers/STM32F4xx_HAL_Driver/Src/stm32f4xx_hal_tim.o
                0x0000000008001e08                HAL_TIM_IC_CaptureCallback
 .text.HAL_TIM_PWM_PulseFinishedCallback
                0x0000000008001e1c       0x14 ./Drivers/STM32F4xx_HAL_Driver/Src/stm32f4xx_hal_tim.o
                0x0000000008001e1c                HAL_TIM_PWM_PulseFinishedCallback
 .text.HAL_TIM_TriggerCallback
                0x0000000008001e30       0x14 ./Drivers/STM32F4xx_HAL_Driver/Src/stm32f4xx_hal_tim.o
                0x0000000008001e30                HAL_TIM_TriggerCallback
 .text.TIM_Base_SetConfig
                0x0000000008001e44      0x100 ./Drivers/STM32F4xx_HAL_Driver/Src/stm32f4xx_hal_tim.o
                0x0000000008001e44                TIM_Base_SetConfig
 .text.HAL_TIMEx_CommutCallback
                0x0000000008001f44       0x14 ./Drivers/STM32F4xx_HAL_Driver/Src/stm32f4xx_hal_tim_ex.o
                0x0000000008001f44                HAL_TIMEx_CommutCallback
 .text.HAL_TIMEx_BreakCallback
                0x0000000008001f58       0x14 ./Drivers/STM32F4xx_HAL_Driver/Src/stm32f4xx_hal_tim_ex.o
                0x0000000008001f58                HAL_TIMEx_BreakCallback
 .text.vListInitialise
                0x0000000008001f6c       0x40 ./ThirdParty/FreeRTOS/list.o
                0x0000000008001f6c                vListInitialise
 .text.vListInitialiseItem
                0x0000000008001fac       0x1a ./ThirdParty/FreeRTOS/list.o
                0x0000000008001fac                vListInitialiseItem
 .text.vListInsertEnd
                0x0000000008001fc6       0x48 ./ThirdParty/FreeRTOS/list.o
                0x0000000008001fc6                vListInsertEnd
 .text.vListInsert
                0x000000000800200e       0x72 ./ThirdParty/FreeRTOS/list.o
                0x000000000800200e                vListInsert
 .text.uxListRemove
                0x0000000008002080       0x54 ./ThirdParty/FreeRTOS/list.o
                0x0000000008002080                uxListRemove
 .text.xQueueGenericReset
                0x00000000080020d4       0xd0 ./ThirdParty/FreeRTOS/queue.o
                0x00000000080020d4                xQueueGenericReset
 .text.xQueueGenericCreate
                0x00000000080021a4       0xbe ./ThirdParty/FreeRTOS/queue.o
                0x00000000080021a4                xQueueGenericCreate
 .text.prvInitialiseNewQueue
                0x0000000008002262       0x46 ./ThirdParty/FreeRTOS/queue.o
 .text.xQueueGenericSend
                0x00000000080022a8      0x1fc ./ThirdParty/FreeRTOS/queue.o
                0x00000000080022a8                xQueueGenericSend
 .text.xQueueGenericSendFromISR
                0x00000000080024a4      0x154 ./ThirdParty/FreeRTOS/queue.o
                0x00000000080024a4                xQueueGenericSendFromISR
 .text.xQueueReceive
                0x00000000080025f8      0x1c0 ./ThirdParty/FreeRTOS/queue.o
                0x00000000080025f8                xQueueReceive
 .text.prvCopyDataToQueue
                0x00000000080027b8       0xd4 ./ThirdParty/FreeRTOS/queue.o
 .text.prvCopyDataFromQueue
                0x000000000800288c       0x4c ./ThirdParty/FreeRTOS/queue.o
 .text.prvUnlockQueue
                0x00000000080028d8       0xa4 ./ThirdParty/FreeRTOS/queue.o
 .text.prvIsQueueEmpty
                0x000000000800297c       0x2c ./ThirdParty/FreeRTOS/queue.o
 .text.prvIsQueueFull
                0x00000000080029a8       0x30 ./ThirdParty/FreeRTOS/queue.o
 .text.vQueueAddToRegistry
                0x00000000080029d8       0x54 ./ThirdParty/FreeRTOS/queue.o
                0x00000000080029d8                vQueueAddToRegistry
 .text.vQueueWaitForMessageRestricted
                0x0000000008002a2c       0x68 ./ThirdParty/FreeRTOS/queue.o
                0x0000000008002a2c                vQueueWaitForMessageRestricted
 .text.xTaskCreate
                0x0000000008002a94       0x82 ./ThirdParty/FreeRTOS/tasks.o
                0x0000000008002a94                xTaskCreate
 .text.prvInitialiseNewTask
                0x0000000008002b16      0x12c ./ThirdParty/FreeRTOS/tasks.o
 *fill*         0x0000000008002c42        0x2 
 .text.prvAddNewTaskToReadyList
                0x0000000008002c44       0xdc ./ThirdParty/FreeRTOS/tasks.o
 .text.vTaskDelete
                0x0000000008002d20      0x120 ./ThirdParty/FreeRTOS/tasks.o
                0x0000000008002d20                vTaskDelete
 .text.vTaskStartScheduler
                0x0000000008002e40       0xa4 ./ThirdParty/FreeRTOS/tasks.o
                0x0000000008002e40                vTaskStartScheduler
 .text.vTaskSuspendAll
                0x0000000008002ee4       0x1c ./ThirdParty/FreeRTOS/tasks.o
                0x0000000008002ee4                vTaskSuspendAll
 .text.xTaskResumeAll
                0x0000000008002f00      0x138 ./ThirdParty/FreeRTOS/tasks.o
                0x0000000008002f00                xTaskResumeAll
 .text.xTaskGetTickCount
                0x0000000008003038       0x20 ./ThirdParty/FreeRTOS/tasks.o
                0x0000000008003038                xTaskGetTickCount
 .text.xTaskIncrementTick
                0x0000000008003058      0x170 ./ThirdParty/FreeRTOS/tasks.o
                0x0000000008003058                xTaskIncrementTick
 .text.vTaskSwitchContext
                0x00000000080031c8       0xb8 ./ThirdParty/FreeRTOS/tasks.o
                0x00000000080031c8                vTaskSwitchContext
 .text.vTaskPlaceOnEventList
                0x0000000008003280       0x48 ./ThirdParty/FreeRTOS/tasks.o
                0x0000000008003280                vTaskPlaceOnEventList
 .text.vTaskPlaceOnEventListRestricted
                0x00000000080032c8       0x58 ./ThirdParty/FreeRTOS/tasks.o
                0x00000000080032c8                vTaskPlaceOnEventListRestricted
 .text.xTaskRemoveFromEventList
                0x0000000008003320       0xc4 ./ThirdParty/FreeRTOS/tasks.o
                0x0000000008003320                xTaskRemoveFromEventList
 .text.vTaskInternalSetTimeOutState
                0x00000000080033e4       0x2c ./ThirdParty/FreeRTOS/tasks.o
                0x00000000080033e4                vTaskInternalSetTimeOutState
 .text.xTaskCheckForTimeOut
                0x0000000008003410       0xcc ./ThirdParty/FreeRTOS/tasks.o
                0x0000000008003410                xTaskCheckForTimeOut
 .text.vTaskMissedYield
                0x00000000080034dc       0x18 ./ThirdParty/FreeRTOS/tasks.o
                0x00000000080034dc                vTaskMissedYield
 .text.prvIdleTask
                0x00000000080034f4       0x30 ./ThirdParty/FreeRTOS/tasks.o
 .text.prvInitialiseTaskLists
                0x0000000008003524       0x80 ./ThirdParty/FreeRTOS/tasks.o
 .text.prvCheckTasksWaitingTermination
                0x00000000080035a4       0x5c ./ThirdParty/FreeRTOS/tasks.o
 .text.prvDeleteTCB
                0x0000000008003600       0x20 ./ThirdParty/FreeRTOS/tasks.o
 .text.prvResetNextTaskUnblockTime
                0x0000000008003620       0x38 ./ThirdParty/FreeRTOS/tasks.o
 .text.xTaskGetSchedulerState
                0x0000000008003658       0x3c ./ThirdParty/FreeRTOS/tasks.o
                0x0000000008003658                xTaskGetSchedulerState
 .text.xTaskPriorityDisinherit
                0x0000000008003694       0xf4 ./ThirdParty/FreeRTOS/tasks.o
                0x0000000008003694                xTaskPriorityDisinherit
 .text.xTaskGenericNotifyWait
                0x0000000008003788      0x100 ./ThirdParty/FreeRTOS/tasks.o
                0x0000000008003788                xTaskGenericNotifyWait
 .text.xTaskGenericNotifyFromISR
                0x0000000008003888      0x204 ./ThirdParty/FreeRTOS/tasks.o
                0x0000000008003888                xTaskGenericNotifyFromISR
 .text.prvAddCurrentTaskToDelayedList
                0x0000000008003a8c       0xcc ./ThirdParty/FreeRTOS/tasks.o
 .text.xTimerCreateTimerTask
                0x0000000008003b58       0x64 ./ThirdParty/FreeRTOS/timers.o
                0x0000000008003b58                xTimerCreateTimerTask
 .text.xTimerGenericCommand
                0x0000000008003bbc       0x9c ./ThirdParty/FreeRTOS/timers.o
                0x0000000008003bbc                xTimerGenericCommand
 .text.prvProcessExpiredTimer
                0x0000000008003c58       0x98 ./ThirdParty/FreeRTOS/timers.o
 .text.prvTimerTask
                0x0000000008003cf0       0x24 ./ThirdParty/FreeRTOS/timers.o
 .text.prvProcessTimerOrBlockTask
                0x0000000008003d14       0x9c ./ThirdParty/FreeRTOS/timers.o
 .text.prvGetNextExpireTime
                0x0000000008003db0       0x48 ./ThirdParty/FreeRTOS/timers.o
 .text.prvSampleTimeNow
                0x0000000008003df8       0x40 ./ThirdParty/FreeRTOS/timers.o
 .text.prvInsertTimerInActiveList
                0x0000000008003e38       0x84 ./ThirdParty/FreeRTOS/timers.o
 .text.prvProcessReceivedCommands
                0x0000000008003ebc      0x18c ./ThirdParty/FreeRTOS/timers.o
 .text.prvSwitchTimerLists
                0x0000000008004048       0xc8 ./ThirdParty/FreeRTOS/timers.o
 .text.prvCheckForValidListAndQueue
                0x0000000008004110       0x6c ./ThirdParty/FreeRTOS/timers.o
 .text.pxPortInitialiseStack
                0x000000000800417c       0x68 ./ThirdParty/FreeRTOS/portable/GCC/ARM_CM4F/port.o
                0x000000000800417c                pxPortInitialiseStack
 .text.prvTaskExitError
                0x00000000080041e4       0x58 ./ThirdParty/FreeRTOS/portable/GCC/ARM_CM4F/port.o
 *fill*         0x000000000800423c        0x4 
 .text.SVC_Handler
                0x0000000008004240       0x28 ./ThirdParty/FreeRTOS/portable/GCC/ARM_CM4F/port.o
                0x0000000008004240                SVC_Handler
 .text.prvPortStartFirstTask
                0x0000000008004268       0x2c ./ThirdParty/FreeRTOS/portable/GCC/ARM_CM4F/port.o
 .text.xPortStartScheduler
                0x0000000008004294      0x144 ./ThirdParty/FreeRTOS/portable/GCC/ARM_CM4F/port.o
                0x0000000008004294                xPortStartScheduler
 .text.vPortEnterCritical
                0x00000000080043d8       0x60 ./ThirdParty/FreeRTOS/portable/GCC/ARM_CM4F/port.o
                0x00000000080043d8                vPortEnterCritical
 .text.vPortExitCritical
                0x0000000008004438       0x54 ./ThirdParty/FreeRTOS/portable/GCC/ARM_CM4F/port.o
                0x0000000008004438                vPortExitCritical
 *fill*         0x000000000800448c        0x4 
 .text.PendSV_Handler
                0x0000000008004490       0x68 ./ThirdParty/FreeRTOS/portable/GCC/ARM_CM4F/port.o
                0x0000000008004490                PendSV_Handler
 .text.SysTick_Handler
                0x00000000080044f8       0x44 ./ThirdParty/FreeRTOS/portable/GCC/ARM_CM4F/port.o
                0x00000000080044f8                SysTick_Handler
 .text.vPortSetupTimerInterrupt
                0x000000000800453c       0x48 ./ThirdParty/FreeRTOS/portable/GCC/ARM_CM4F/port.o
                0x000000000800453c                vPortSetupTimerInterrupt
 .text.vPortEnableVFP
                0x0000000008004584       0x18 ./ThirdParty/FreeRTOS/portable/GCC/ARM_CM4F/port.o
 .text.vPortValidateInterruptPriority
                0x000000000800459c       0x80 ./ThirdParty/FreeRTOS/portable/GCC/ARM_CM4F/port.o
                0x000000000800459c                vPortValidateInterruptPriority
 .text.pvPortMalloc
                0x000000000800461c      0x1c0 ./ThirdParty/FreeRTOS/portable/MemMang/heap_4.o
                0x000000000800461c                pvPortMalloc
 .text.vPortFree
                0x00000000080047dc       0xc4 ./ThirdParty/FreeRTOS/portable/MemMang/heap_4.o
                0x00000000080047dc                vPortFree
 .text.prvHeapInit
                0x00000000080048a0       0xc4 ./ThirdParty/FreeRTOS/portable/MemMang/heap_4.o
 .text.prvInsertBlockIntoFreeList
                0x0000000008004964       0xb4 ./ThirdParty/FreeRTOS/portable/MemMang/heap_4.o
 .text.__libc_init_array
                0x0000000008004a18       0x48 /opt/st/stm32cubeide_1.11.0/plugins/com.st.stm32cube.ide.mcu.externaltools.gnu-tools-for-stm32.10.3-2021.10.linux64_1.0.100.202210260954/tools/bin/../lib/gcc/arm-none-eabi/10.3.1/../../../../arm-none-eabi/lib/thumb/v7e-m+fp/hard/libc_nano.a(lib_a-init.o)
                0x0000000008004a18                __libc_init_array
 .text.memcpy   0x0000000008004a60       0x1c /opt/st/stm32cubeide_1.11.0/plugins/com.st.stm32cube.ide.mcu.externaltools.gnu-tools-for-stm32.10.3-2021.10.linux64_1.0.100.202210260954/tools/bin/../lib/gcc/arm-none-eabi/10.3.1/../../../../arm-none-eabi/lib/thumb/v7e-m+fp/hard/libc_nano.a(lib_a-memcpy-stub.o)
                0x0000000008004a60                memcpy
 .text.memset   0x0000000008004a7c       0x10 /opt/st/stm32cubeide_1.11.0/plugins/com.st.stm32cube.ide.mcu.externaltools.gnu-tools-for-stm32.10.3-2021.10.linux64_1.0.100.202210260954/tools/bin/../lib/gcc/arm-none-eabi/10.3.1/../../../../arm-none-eabi/lib/thumb/v7e-m+fp/hard/libc_nano.a(lib_a-memset.o)
                0x0000000008004a7c                memset
 *(.glue_7)
 .glue_7        0x0000000008004a8c        0x0 linker stubs
 *(.glue_7t)
 .glue_7t       0x0000000008004a8c        0x0 linker stubs
 *(.eh_frame)
 .eh_frame      0x0000000008004a8c        0x0 /opt/st/stm32cubeide_1.11.0/plugins/com.st.stm32cube.ide.mcu.externaltools.gnu-tools-for-stm32.10.3-2021.10.linux64_1.0.100.202210260954/tools/bin/../lib/gcc/arm-none-eabi/10.3.1/thumb/v7e-m+fp/hard/crtbegin.o
 *(.init)
 .init          0x0000000008004a8c        0x4 /opt/st/stm32cubeide_1.11.0/plugins/com.st.stm32cube.ide.mcu.externaltools.gnu-tools-for-stm32.10.3-2021.10.linux64_1.0.100.202210260954/tools/bin/../lib/gcc/arm-none-eabi/10.3.1/thumb/v7e-m+fp/hard/crti.o
                0x0000000008004a8c                _init
 .init          0x0000000008004a90        0x8 /opt/st/stm32cubeide_1.11.0/plugins/com.st.stm32cube.ide.mcu.externaltools.gnu-tools-for-stm32.10.3-2021.10.linux64_1.0.100.202210260954/tools/bin/../lib/gcc/arm-none-eabi/10.3.1/thumb/v7e-m+fp/hard/crtn.o
 *(.fini)
 .fini          0x0000000008004a98        0x4 /opt/st/stm32cubeide_1.11.0/plugins/com.st.stm32cube.ide.mcu.externaltools.gnu-tools-for-stm32.10.3-2021.10.linux64_1.0.100.202210260954/tools/bin/../lib/gcc/arm-none-eabi/10.3.1/thumb/v7e-m+fp/hard/crti.o
                0x0000000008004a98                _fini
 .fini          0x0000000008004a9c        0x8 /opt/st/stm32cubeide_1.11.0/plugins/com.st.stm32cube.ide.mcu.externaltools.gnu-tools-for-stm32.10.3-2021.10.linux64_1.0.100.202210260954/tools/bin/../lib/gcc/arm-none-eabi/10.3.1/thumb/v7e-m+fp/hard/crtn.o
                0x0000000008004aa4                . = ALIGN (0x4)
                0x0000000008004aa4                _etext = .

.vfp11_veneer   0x0000000008004aa4        0x0
 .vfp11_veneer  0x0000000008004aa4        0x0 linker stubs

.v4_bx          0x0000000008004aa4        0x0
 .v4_bx         0x0000000008004aa4        0x0 linker stubs

.iplt           0x0000000008004aa4        0x0
 .iplt          0x0000000008004aa4        0x0 /opt/st/stm32cubeide_1.11.0/plugins/com.st.stm32cube.ide.mcu.externaltools.gnu-tools-for-stm32.10.3-2021.10.linux64_1.0.100.202210260954/tools/bin/../lib/gcc/arm-none-eabi/10.3.1/thumb/v7e-m+fp/hard/crtbegin.o

.rodata         0x0000000008004aa4       0x58
                0x0000000008004aa4                . = ALIGN (0x4)
 *(.rodata)
 .rodata        0x0000000008004aa4       0x26 ./Core/Src/main.o
 *fill*         0x0000000008004aca        0x2 
 .rodata        0x0000000008004acc        0x5 ./ThirdParty/FreeRTOS/tasks.o
 *fill*         0x0000000008004ad1        0x3 
 .rodata        0x0000000008004ad4        0xd ./ThirdParty/FreeRTOS/timers.o
 *(.rodata*)
 *fill*         0x0000000008004ae1        0x3 
 .rodata.AHBPrescTable
                0x0000000008004ae4       0x10 ./Core/Src/system_stm32f4xx.o
                0x0000000008004ae4                AHBPrescTable
 .rodata.APBPrescTable
                0x0000000008004af4        0x8 ./Core/Src/system_stm32f4xx.o
                0x0000000008004af4                APBPrescTable
                0x0000000008004afc                . = ALIGN (0x4)

.ARM.extab      0x0000000008004afc        0x0
                0x0000000008004afc                . = ALIGN (0x4)
 *(.ARM.extab* .gnu.linkonce.armextab.*)
                0x0000000008004afc                . = ALIGN (0x4)

.ARM            0x0000000008004afc        0x8
                0x0000000008004afc                . = ALIGN (0x4)
                0x0000000008004afc                __exidx_start = .
 *(.ARM.exidx*)
 .ARM.exidx     0x0000000008004afc        0x8 /opt/st/stm32cubeide_1.11.0/plugins/com.st.stm32cube.ide.mcu.externaltools.gnu-tools-for-stm32.10.3-2021.10.linux64_1.0.100.202210260954/tools/bin/../lib/gcc/arm-none-eabi/10.3.1/thumb/v7e-m+fp/hard/libgcc.a(_udivmoddi4.o)
                0x0000000008004b04                __exidx_end = .
                0x0000000008004b04                . = ALIGN (0x4)

.rel.dyn        0x0000000008004b04        0x0
 .rel.iplt      0x0000000008004b04        0x0 /opt/st/stm32cubeide_1.11.0/plugins/com.st.stm32cube.ide.mcu.externaltools.gnu-tools-for-stm32.10.3-2021.10.linux64_1.0.100.202210260954/tools/bin/../lib/gcc/arm-none-eabi/10.3.1/thumb/v7e-m+fp/hard/crtbegin.o

.preinit_array  0x0000000008004b04        0x0
                0x0000000008004b04                . = ALIGN (0x4)
                0x0000000008004b04                PROVIDE (__preinit_array_start = .)
 *(.preinit_array*)
                0x0000000008004b04                PROVIDE (__preinit_array_end = .)
                0x0000000008004b04                . = ALIGN (0x4)

.init_array     0x0000000008004b04        0x4
                0x0000000008004b04                . = ALIGN (0x4)
                0x0000000008004b04                PROVIDE (__init_array_start = .)
 *(SORT_BY_NAME(.init_array.*))
 *(.init_array*)
 .init_array    0x0000000008004b04        0x4 /opt/st/stm32cubeide_1.11.0/plugins/com.st.stm32cube.ide.mcu.externaltools.gnu-tools-for-stm32.10.3-2021.10.linux64_1.0.100.202210260954/tools/bin/../lib/gcc/arm-none-eabi/10.3.1/thumb/v7e-m+fp/hard/crtbegin.o
                0x0000000008004b08                PROVIDE (__init_array_end = .)
                0x0000000008004b08                . = ALIGN (0x4)

.fini_array     0x0000000008004b08        0x4
                0x0000000008004b08                . = ALIGN (0x4)
                [!provide]                        PROVIDE (__fini_array_start = .)
 *(SORT_BY_NAME(.fini_array.*))
 *(.fini_array*)
 .fini_array    0x0000000008004b08        0x4 /opt/st/stm32cubeide_1.11.0/plugins/com.st.stm32cube.ide.mcu.externaltools.gnu-tools-for-stm32.10.3-2021.10.linux64_1.0.100.202210260954/tools/bin/../lib/gcc/arm-none-eabi/10.3.1/thumb/v7e-m+fp/hard/crtbegin.o
                [!provide]                        PROVIDE (__fini_array_end = .)
                0x0000000008004b0c                . = ALIGN (0x4)
                0x0000000008004b0c                _sidata = LOADADDR (.data)

.data           0x0000000020000000       0x14 load address 0x0000000008004b0c
                0x0000000020000000                . = ALIGN (0x4)
                0x0000000020000000                _sdata = .
 *(.data)
 *(.data*)
 .data.SystemCoreClock
                0x0000000020000000        0x4 ./Core/Src/system_stm32f4xx.o
                0x0000000020000000                SystemCoreClock
 .data.uwTickPrio
                0x0000000020000004        0x4 ./Drivers/STM32F4xx_HAL_Driver/Src/stm32f4xx_hal.o
                0x0000000020000004                uwTickPrio
 .data.uwTickFreq
                0x0000000020000008        0x1 ./Drivers/STM32F4xx_HAL_Driver/Src/stm32f4xx_hal.o
                0x0000000020000008                uwTickFreq
 *fill*         0x0000000020000009        0x3 
 .data.uxTopUsedPriority
                0x000000002000000c        0x4 ./ThirdParty/FreeRTOS/tasks.o
                0x000000002000000c                uxTopUsedPriority
 .data.uxCriticalNesting
                0x0000000020000010        0x4 ./ThirdParty/FreeRTOS/portable/GCC/ARM_CM4F/port.o
 *(.RamFunc)
 *(.RamFunc*)
                0x0000000020000014                . = ALIGN (0x4)
                0x0000000020000014                _edata = .

.igot.plt       0x0000000020000014        0x0 load address 0x0000000008004b20
 .igot.plt      0x0000000020000014        0x0 /opt/st/stm32cubeide_1.11.0/plugins/com.st.stm32cube.ide.mcu.externaltools.gnu-tools-for-stm32.10.3-2021.10.linux64_1.0.100.202210260954/tools/bin/../lib/gcc/arm-none-eabi/10.3.1/thumb/v7e-m+fp/hard/crtbegin.o
                0x0000000020000014                . = ALIGN (0x4)

.bss            0x0000000020000014    0x12e2c load address 0x0000000008004b20
                0x0000000020000014                _sbss = .
                0x0000000020000014                __bss_start__ = _sbss
 *(.bss)
 .bss           0x0000000020000014       0x1c /opt/st/stm32cubeide_1.11.0/plugins/com.st.stm32cube.ide.mcu.externaltools.gnu-tools-for-stm32.10.3-2021.10.linux64_1.0.100.202210260954/tools/bin/../lib/gcc/arm-none-eabi/10.3.1/thumb/v7e-m+fp/hard/crtbegin.o
 *(.bss*)
 .bss.next_task_handle
                0x0000000020000030        0x4 ./Core/Src/main.o
                0x0000000020000030                next_task_handle
 .bss.greenLEDHandle
                0x0000000020000034        0x4 ./Core/Src/main.o
                0x0000000020000034                greenLEDHandle
 .bss.redLEDHandle
                0x0000000020000038        0x4 ./Core/Src/main.o
                0x0000000020000038                redLEDHandle
 .bss.blueLEDHandle
                0x000000002000003c        0x4 ./Core/Src/main.o
                0x000000002000003c                blueLEDHandle
 .bss.orangeLEDHandle
                0x0000000020000040        0x4 ./Core/Src/main.o
                0x0000000020000040                orangeLEDHandle
 .bss.buttonHandle
                0x0000000020000044        0x4 ./Core/Src/main.o
                0x0000000020000044                buttonHandle
 .bss.status    0x0000000020000048        0x4 ./Core/Src/main.o
                0x0000000020000048                status
 .bss.htim9     0x000000002000004c       0x48 ./Core/Src/stm32f4xx_hal_timebase_tim.o
                0x000000002000004c                htim9
 .bss.uwTick    0x0000000020000094        0x4 ./Drivers/STM32F4xx_HAL_Driver/Src/stm32f4xx_hal.o
                0x0000000020000094                uwTick
 .bss.xQueueRegistry
                0x0000000020000098       0x40 ./ThirdParty/FreeRTOS/queue.o
                0x0000000020000098                xQueueRegistry
 .bss.pxCurrentTCB
                0x00000000200000d8        0x4 ./ThirdParty/FreeRTOS/tasks.o
                0x00000000200000d8                pxCurrentTCB
 .bss.pxReadyTasksLists
                0x00000000200000dc       0x64 ./ThirdParty/FreeRTOS/tasks.o
 .bss.xDelayedTaskList1
                0x0000000020000140       0x14 ./ThirdParty/FreeRTOS/tasks.o
 .bss.xDelayedTaskList2
                0x0000000020000154       0x14 ./ThirdParty/FreeRTOS/tasks.o
 .bss.pxDelayedTaskList
                0x0000000020000168        0x4 ./ThirdParty/FreeRTOS/tasks.o
 .bss.pxOverflowDelayedTaskList
                0x000000002000016c        0x4 ./ThirdParty/FreeRTOS/tasks.o
 .bss.xPendingReadyList
                0x0000000020000170       0x14 ./ThirdParty/FreeRTOS/tasks.o
 .bss.xTasksWaitingTermination
                0x0000000020000184       0x14 ./ThirdParty/FreeRTOS/tasks.o
 .bss.uxDeletedTasksWaitingCleanUp
                0x0000000020000198        0x4 ./ThirdParty/FreeRTOS/tasks.o
 .bss.xSuspendedTaskList
                0x000000002000019c       0x14 ./ThirdParty/FreeRTOS/tasks.o
 .bss.uxCurrentNumberOfTasks
                0x00000000200001b0        0x4 ./ThirdParty/FreeRTOS/tasks.o
 .bss.xTickCount
                0x00000000200001b4        0x4 ./ThirdParty/FreeRTOS/tasks.o
 .bss.uxTopReadyPriority
                0x00000000200001b8        0x4 ./ThirdParty/FreeRTOS/tasks.o
 .bss.xSchedulerRunning
                0x00000000200001bc        0x4 ./ThirdParty/FreeRTOS/tasks.o
 .bss.xPendedTicks
                0x00000000200001c0        0x4 ./ThirdParty/FreeRTOS/tasks.o
 .bss.xYieldPending
                0x00000000200001c4        0x4 ./ThirdParty/FreeRTOS/tasks.o
 .bss.xNumOfOverflows
                0x00000000200001c8        0x4 ./ThirdParty/FreeRTOS/tasks.o
 .bss.uxTaskNumber
                0x00000000200001cc        0x4 ./ThirdParty/FreeRTOS/tasks.o
 .bss.xNextTaskUnblockTime
                0x00000000200001d0        0x4 ./ThirdParty/FreeRTOS/tasks.o
 .bss.xIdleTaskHandle
                0x00000000200001d4        0x4 ./ThirdParty/FreeRTOS/tasks.o
 .bss.uxSchedulerSuspended
                0x00000000200001d8        0x4 ./ThirdParty/FreeRTOS/tasks.o
 .bss.xActiveTimerList1
                0x00000000200001dc       0x14 ./ThirdParty/FreeRTOS/timers.o
 .bss.xActiveTimerList2
                0x00000000200001f0       0x14 ./ThirdParty/FreeRTOS/timers.o
 .bss.pxCurrentTimerList
                0x0000000020000204        0x4 ./ThirdParty/FreeRTOS/timers.o
 .bss.pxOverflowTimerList
                0x0000000020000208        0x4 ./ThirdParty/FreeRTOS/timers.o
 .bss.xTimerQueue
                0x000000002000020c        0x4 ./ThirdParty/FreeRTOS/timers.o
 .bss.xTimerTaskHandle
                0x0000000020000210        0x4 ./ThirdParty/FreeRTOS/timers.o
 .bss.xLastTime.0
                0x0000000020000214        0x4 ./ThirdParty/FreeRTOS/timers.o
 .bss.ucMaxSysCallPriority
                0x0000000020000218        0x1 ./ThirdParty/FreeRTOS/portable/GCC/ARM_CM4F/port.o
 *fill*         0x0000000020000219        0x3 
 .bss.ulMaxPRIGROUPValue
                0x000000002000021c        0x4 ./ThirdParty/FreeRTOS/portable/GCC/ARM_CM4F/port.o
 .bss.ucHeap    0x0000000020000220    0x12c00 ./ThirdParty/FreeRTOS/portable/MemMang/heap_4.o
 .bss.xStart    0x0000000020012e20        0x8 ./ThirdParty/FreeRTOS/portable/MemMang/heap_4.o
 .bss.pxEnd     0x0000000020012e28        0x4 ./ThirdParty/FreeRTOS/portable/MemMang/heap_4.o
 .bss.xFreeBytesRemaining
                0x0000000020012e2c        0x4 ./ThirdParty/FreeRTOS/portable/MemMang/heap_4.o
 .bss.xMinimumEverFreeBytesRemaining
                0x0000000020012e30        0x4 ./ThirdParty/FreeRTOS/portable/MemMang/heap_4.o
 .bss.xNumberOfSuccessfulAllocations
                0x0000000020012e34        0x4 ./ThirdParty/FreeRTOS/portable/MemMang/heap_4.o
 .bss.xNumberOfSuccessfulFrees
                0x0000000020012e38        0x4 ./ThirdParty/FreeRTOS/portable/MemMang/heap_4.o
 .bss.xBlockAllocatedBit
                0x0000000020012e3c        0x4 ./ThirdParty/FreeRTOS/portable/MemMang/heap_4.o
 *(COMMON)
                0x0000000020012e40                . = ALIGN (0x4)
                0x0000000020012e40                _ebss = .
                0x0000000020012e40                __bss_end__ = _ebss

._user_heap_stack
                0x0000000020012e40      0x600 load address 0x0000000008004b20
                0x0000000020012e40                . = ALIGN (0x8)
                [!provide]                        PROVIDE (end = .)
                [!provide]                        PROVIDE (_end = .)
                0x0000000020013040                . = (. + _Min_Heap_Size)
 *fill*         0x0000000020012e40      0x200 
                0x0000000020013440                . = (. + _Min_Stack_Size)
 *fill*         0x0000000020013040      0x400 
                0x0000000020013440                . = ALIGN (0x8)

/DISCARD/
 libc.a(*)
 libm.a(*)
 libgcc.a(*)

.ARM.attributes
                0x0000000000000000       0x30
 *(.ARM.attributes)
 .ARM.attributes
                0x0000000000000000       0x1e /opt/st/stm32cubeide_1.11.0/plugins/com.st.stm32cube.ide.mcu.externaltools.gnu-tools-for-stm32.10.3-2021.10.linux64_1.0.100.202210260954/tools/bin/../lib/gcc/arm-none-eabi/10.3.1/thumb/v7e-m+fp/hard/crti.o
 .ARM.attributes
                0x000000000000001e       0x34 /opt/st/stm32cubeide_1.11.0/plugins/com.st.stm32cube.ide.mcu.externaltools.gnu-tools-for-stm32.10.3-2021.10.linux64_1.0.100.202210260954/tools/bin/../lib/gcc/arm-none-eabi/10.3.1/thumb/v7e-m+fp/hard/crtbegin.o
 .ARM.attributes
                0x0000000000000052       0x34 ./Core/Src/main.o
 .ARM.attributes
                0x0000000000000086       0x34 ./Core/Src/stm32f4xx_hal_msp.o
 .ARM.attributes
                0x00000000000000ba       0x34 ./Core/Src/stm32f4xx_hal_timebase_tim.o
 .ARM.attributes
                0x00000000000000ee       0x34 ./Core/Src/stm32f4xx_it.o
 .ARM.attributes
                0x0000000000000122       0x34 ./Core/Src/system_stm32f4xx.o
 .ARM.attributes
                0x0000000000000156       0x21 ./Core/Startup/startup_stm32f411vetx.o
 .ARM.attributes
                0x0000000000000177       0x34 ./Drivers/STM32F4xx_HAL_Driver/Src/stm32f4xx_hal.o
 .ARM.attributes
                0x00000000000001ab       0x34 ./Drivers/STM32F4xx_HAL_Driver/Src/stm32f4xx_hal_cortex.o
 .ARM.attributes
                0x00000000000001df       0x34 ./Drivers/STM32F4xx_HAL_Driver/Src/stm32f4xx_hal_gpio.o
 .ARM.attributes
                0x0000000000000213       0x34 ./Drivers/STM32F4xx_HAL_Driver/Src/stm32f4xx_hal_rcc.o
 .ARM.attributes
                0x0000000000000247       0x34 ./Drivers/STM32F4xx_HAL_Driver/Src/stm32f4xx_hal_tim.o
 .ARM.attributes
                0x000000000000027b       0x34 ./Drivers/STM32F4xx_HAL_Driver/Src/stm32f4xx_hal_tim_ex.o
 .ARM.attributes
                0x00000000000002af       0x34 ./ThirdParty/FreeRTOS/list.o
 .ARM.attributes
                0x00000000000002e3       0x34 ./ThirdParty/FreeRTOS/queue.o
 .ARM.attributes
                0x0000000000000317       0x34 ./ThirdParty/FreeRTOS/tasks.o
 .ARM.attributes
                0x000000000000034b       0x34 ./ThirdParty/FreeRTOS/timers.o
 .ARM.attributes
                0x000000000000037f       0x34 ./ThirdParty/FreeRTOS/portable/GCC/ARM_CM4F/port.o
 .ARM.attributes
                0x00000000000003b3       0x34 ./ThirdParty/FreeRTOS/portable/MemMang/heap_4.o
 .ARM.attributes
                0x00000000000003e7       0x34 /opt/st/stm32cubeide_1.11.0/plugins/com.st.stm32cube.ide.mcu.externaltools.gnu-tools-for-stm32.10.3-2021.10.linux64_1.0.100.202210260954/tools/bin/../lib/gcc/arm-none-eabi/10.3.1/../../../../arm-none-eabi/lib/thumb/v7e-m+fp/hard/libc_nano.a(lib_a-init.o)
 .ARM.attributes
                0x000000000000041b       0x34 /opt/st/stm32cubeide_1.11.0/plugins/com.st.stm32cube.ide.mcu.externaltools.gnu-tools-for-stm32.10.3-2021.10.linux64_1.0.100.202210260954/tools/bin/../lib/gcc/arm-none-eabi/10.3.1/../../../../arm-none-eabi/lib/thumb/v7e-m+fp/hard/libc_nano.a(lib_a-memcpy-stub.o)
 .ARM.attributes
                0x000000000000044f       0x34 /opt/st/stm32cubeide_1.11.0/plugins/com.st.stm32cube.ide.mcu.externaltools.gnu-tools-for-stm32.10.3-2021.10.linux64_1.0.100.202210260954/tools/bin/../lib/gcc/arm-none-eabi/10.3.1/../../../../arm-none-eabi/lib/thumb/v7e-m+fp/hard/libc_nano.a(lib_a-memset.o)
 .ARM.attributes
                0x0000000000000483       0x1e /opt/st/stm32cubeide_1.11.0/plugins/com.st.stm32cube.ide.mcu.externaltools.gnu-tools-for-stm32.10.3-2021.10.linux64_1.0.100.202210260954/tools/bin/../lib/gcc/arm-none-eabi/10.3.1/thumb/v7e-m+fp/hard/libgcc.a(_aeabi_uldivmod.o)
 .ARM.attributes
                0x00000000000004a1       0x34 /opt/st/stm32cubeide_1.11.0/plugins/com.st.stm32cube.ide.mcu.externaltools.gnu-tools-for-stm32.10.3-2021.10.linux64_1.0.100.202210260954/tools/bin/../lib/gcc/arm-none-eabi/10.3.1/thumb/v7e-m+fp/hard/libgcc.a(_udivmoddi4.o)
 .ARM.attributes
                0x00000000000004d5       0x1e /opt/st/stm32cubeide_1.11.0/plugins/com.st.stm32cube.ide.mcu.externaltools.gnu-tools-for-stm32.10.3-2021.10.linux64_1.0.100.202210260954/tools/bin/../lib/gcc/arm-none-eabi/10.3.1/thumb/v7e-m+fp/hard/libgcc.a(_dvmd_tls.o)
 .ARM.attributes
                0x00000000000004f3       0x1e /opt/st/stm32cubeide_1.11.0/plugins/com.st.stm32cube.ide.mcu.externaltools.gnu-tools-for-stm32.10.3-2021.10.linux64_1.0.100.202210260954/tools/bin/../lib/gcc/arm-none-eabi/10.3.1/thumb/v7e-m+fp/hard/crtn.o
OUTPUT(RTOS.elf elf32-littlearm)
LOAD linker stubs
LOAD /opt/st/stm32cubeide_1.11.0/plugins/com.st.stm32cube.ide.mcu.externaltools.gnu-tools-for-stm32.10.3-2021.10.linux64_1.0.100.202210260954/tools/bin/../lib/gcc/arm-none-eabi/10.3.1/../../../../arm-none-eabi/lib/thumb/v7e-m+fp/hard/libc.a
LOAD /opt/st/stm32cubeide_1.11.0/plugins/com.st.stm32cube.ide.mcu.externaltools.gnu-tools-for-stm32.10.3-2021.10.linux64_1.0.100.202210260954/tools/bin/../lib/gcc/arm-none-eabi/10.3.1/../../../../arm-none-eabi/lib/thumb/v7e-m+fp/hard/libm.a
LOAD /opt/st/stm32cubeide_1.11.0/plugins/com.st.stm32cube.ide.mcu.externaltools.gnu-tools-for-stm32.10.3-2021.10.linux64_1.0.100.202210260954/tools/bin/../lib/gcc/arm-none-eabi/10.3.1/thumb/v7e-m+fp/hard/libgcc.a

.debug_info     0x0000000000000000     0xeda5
 .debug_info    0x0000000000000000     0x1278 ./Core/Src/main.o
 .debug_info    0x0000000000001278      0x2d4 ./Core/Src/stm32f4xx_hal_msp.o
 .debug_info    0x000000000000154c      0xbd0 ./Core/Src/stm32f4xx_hal_timebase_tim.o
 .debug_info    0x000000000000211c      0x734 ./Core/Src/stm32f4xx_it.o
 .debug_info    0x0000000000002850      0x54f ./Core/Src/system_stm32f4xx.o
 .debug_info    0x0000000000002d9f       0x22 ./Core/Startup/startup_stm32f411vetx.o
 .debug_info    0x0000000000002dc1      0x90d ./Drivers/STM32F4xx_HAL_Driver/Src/stm32f4xx_hal.o
 .debug_info    0x00000000000036ce      0xd8b ./Drivers/STM32F4xx_HAL_Driver/Src/stm32f4xx_hal_cortex.o
 .debug_info    0x0000000000004459      0x78e ./Drivers/STM32F4xx_HAL_Driver/Src/stm32f4xx_hal_gpio.o
 .debug_info    0x0000000000004be7      0x98d ./Drivers/STM32F4xx_HAL_Driver/Src/stm32f4xx_hal_rcc.o
 .debug_info    0x0000000000005574     0x2bb6 ./Drivers/STM32F4xx_HAL_Driver/Src/stm32f4xx_hal_tim.o
 .debug_info    0x000000000000812a     0x15d8 ./Drivers/STM32F4xx_HAL_Driver/Src/stm32f4xx_hal_tim_ex.o
 .debug_info    0x0000000000009702      0x2d1 ./ThirdParty/FreeRTOS/list.o
 .debug_info    0x00000000000099d3     0x18ee ./ThirdParty/FreeRTOS/queue.o
 .debug_info    0x000000000000b2c1     0x21f3 ./ThirdParty/FreeRTOS/tasks.o
 .debug_info    0x000000000000d4b4      0xedd ./ThirdParty/FreeRTOS/timers.o
 .debug_info    0x000000000000e391      0x507 ./ThirdParty/FreeRTOS/portable/GCC/ARM_CM4F/port.o
 .debug_info    0x000000000000e898      0x50d ./ThirdParty/FreeRTOS/portable/MemMang/heap_4.o

.debug_abbrev   0x0000000000000000     0x2633
 .debug_abbrev  0x0000000000000000      0x33d ./Core/Src/main.o
 .debug_abbrev  0x000000000000033d       0xd4 ./Core/Src/stm32f4xx_hal_msp.o
 .debug_abbrev  0x0000000000000411      0x1f7 ./Core/Src/stm32f4xx_hal_timebase_tim.o
 .debug_abbrev  0x0000000000000608      0x1aa ./Core/Src/stm32f4xx_it.o
 .debug_abbrev  0x00000000000007b2      0x116 ./Core/Src/system_stm32f4xx.o
 .debug_abbrev  0x00000000000008c8       0x12 ./Core/Startup/startup_stm32f411vetx.o
 .debug_abbrev  0x00000000000008da      0x23e ./Drivers/STM32F4xx_HAL_Driver/Src/stm32f4xx_hal.o
 .debug_abbrev  0x0000000000000b18      0x316 ./Drivers/STM32F4xx_HAL_Driver/Src/stm32f4xx_hal_cortex.o
 .debug_abbrev  0x0000000000000e2e      0x1c4 ./Drivers/STM32F4xx_HAL_Driver/Src/stm32f4xx_hal_gpio.o
 .debug_abbrev  0x0000000000000ff2      0x2aa ./Drivers/STM32F4xx_HAL_Driver/Src/stm32f4xx_hal_rcc.o
 .debug_abbrev  0x000000000000129c      0x26e ./Drivers/STM32F4xx_HAL_Driver/Src/stm32f4xx_hal_tim.o
 .debug_abbrev  0x000000000000150a      0x276 ./Drivers/STM32F4xx_HAL_Driver/Src/stm32f4xx_hal_tim_ex.o
 .debug_abbrev  0x0000000000001780       0xf2 ./ThirdParty/FreeRTOS/list.o
 .debug_abbrev  0x0000000000001872      0x312 ./ThirdParty/FreeRTOS/queue.o
 .debug_abbrev  0x0000000000001b84      0x36c ./ThirdParty/FreeRTOS/tasks.o
 .debug_abbrev  0x0000000000001ef0      0x2d8 ./ThirdParty/FreeRTOS/timers.o
 .debug_abbrev  0x00000000000021c8      0x259 ./ThirdParty/FreeRTOS/portable/GCC/ARM_CM4F/port.o
 .debug_abbrev  0x0000000000002421      0x212 ./ThirdParty/FreeRTOS/portable/MemMang/heap_4.o

.debug_aranges  0x0000000000000000      0xe98
 .debug_aranges
                0x0000000000000000       0x68 ./Core/Src/main.o
 .debug_aranges
                0x0000000000000068       0x20 ./Core/Src/stm32f4xx_hal_msp.o
 .debug_aranges
                0x0000000000000088       0x30 ./Core/Src/stm32f4xx_hal_timebase_tim.o
 .debug_aranges
                0x00000000000000b8       0x58 ./Core/Src/stm32f4xx_it.o
 .debug_aranges
                0x0000000000000110       0x28 ./Core/Src/system_stm32f4xx.o
 .debug_aranges
                0x0000000000000138       0x28 ./Core/Startup/startup_stm32f411vetx.o
 .debug_aranges
                0x0000000000000160       0xf0 ./Drivers/STM32F4xx_HAL_Driver/Src/stm32f4xx_hal.o
 .debug_aranges
                0x0000000000000250      0x118 ./Drivers/STM32F4xx_HAL_Driver/Src/stm32f4xx_hal_cortex.o
 .debug_aranges
                0x0000000000000368       0x58 ./Drivers/STM32F4xx_HAL_Driver/Src/stm32f4xx_hal_gpio.o
 .debug_aranges
                0x00000000000003c0       0x88 ./Drivers/STM32F4xx_HAL_Driver/Src/stm32f4xx_hal_rcc.o
 .debug_aranges
                0x0000000000000448      0x3d0 ./Drivers/STM32F4xx_HAL_Driver/Src/stm32f4xx_hal_tim.o
 .debug_aranges
                0x0000000000000818      0x168 ./Drivers/STM32F4xx_HAL_Driver/Src/stm32f4xx_hal_tim_ex.o
 .debug_aranges
                0x0000000000000980       0x40 ./ThirdParty/FreeRTOS/list.o
 .debug_aranges
                0x00000000000009c0      0x130 ./ThirdParty/FreeRTOS/queue.o
 .debug_aranges
                0x0000000000000af0      0x1f8 ./ThirdParty/FreeRTOS/tasks.o
 .debug_aranges
                0x0000000000000ce8       0xd8 ./ThirdParty/FreeRTOS/timers.o
 .debug_aranges
                0x0000000000000dc0       0x80 ./ThirdParty/FreeRTOS/portable/GCC/ARM_CM4F/port.o
 .debug_aranges
                0x0000000000000e40       0x58 ./ThirdParty/FreeRTOS/portable/MemMang/heap_4.o

.debug_ranges   0x0000000000000000      0xd80
 .debug_ranges  0x0000000000000000       0x58 ./Core/Src/main.o
 .debug_ranges  0x0000000000000058       0x10 ./Core/Src/stm32f4xx_hal_msp.o
 .debug_ranges  0x0000000000000068       0x20 ./Core/Src/stm32f4xx_hal_timebase_tim.o
 .debug_ranges  0x0000000000000088       0x48 ./Core/Src/stm32f4xx_it.o
 .debug_ranges  0x00000000000000d0       0x18 ./Core/Src/system_stm32f4xx.o
 .debug_ranges  0x00000000000000e8       0x20 ./Core/Startup/startup_stm32f411vetx.o
 .debug_ranges  0x0000000000000108       0xe0 ./Drivers/STM32F4xx_HAL_Driver/Src/stm32f4xx_hal.o
 .debug_ranges  0x00000000000001e8      0x108 ./Drivers/STM32F4xx_HAL_Driver/Src/stm32f4xx_hal_cortex.o
 .debug_ranges  0x00000000000002f0       0x48 ./Drivers/STM32F4xx_HAL_Driver/Src/stm32f4xx_hal_gpio.o
 .debug_ranges  0x0000000000000338       0x78 ./Drivers/STM32F4xx_HAL_Driver/Src/stm32f4xx_hal_rcc.o
 .debug_ranges  0x00000000000003b0      0x3c0 ./Drivers/STM32F4xx_HAL_Driver/Src/stm32f4xx_hal_tim.o
 .debug_ranges  0x0000000000000770      0x158 ./Drivers/STM32F4xx_HAL_Driver/Src/stm32f4xx_hal_tim_ex.o
 .debug_ranges  0x00000000000008c8       0x30 ./ThirdParty/FreeRTOS/list.o
 .debug_ranges  0x00000000000008f8      0x120 ./ThirdParty/FreeRTOS/queue.o
 .debug_ranges  0x0000000000000a18      0x1e8 ./ThirdParty/FreeRTOS/tasks.o
 .debug_ranges  0x0000000000000c00       0xc8 ./ThirdParty/FreeRTOS/timers.o
 .debug_ranges  0x0000000000000cc8       0x70 ./ThirdParty/FreeRTOS/portable/GCC/ARM_CM4F/port.o
 .debug_ranges  0x0000000000000d38       0x48 ./ThirdParty/FreeRTOS/portable/MemMang/heap_4.o

.debug_macro    0x0000000000000000    0x17591
 .debug_macro   0x0000000000000000      0x395 ./Core/Src/main.o
 .debug_macro   0x0000000000000395      0xa78 ./Core/Src/main.o
 .debug_macro   0x0000000000000e0d      0x295 ./Core/Src/main.o
 .debug_macro   0x00000000000010a2       0x2e ./Core/Src/main.o
 .debug_macro   0x00000000000010d0       0x28 ./Core/Src/main.o
 .debug_macro   0x00000000000010f8       0x22 ./Core/Src/main.o
 .debug_macro   0x000000000000111a       0x8e ./Core/Src/main.o
 .debug_macro   0x00000000000011a8       0x51 ./Core/Src/main.o
 .debug_macro   0x00000000000011f9      0x103 ./Core/Src/main.o
 .debug_macro   0x00000000000012fc       0x6a ./Core/Src/main.o
 .debug_macro   0x0000000000001366      0x1df ./Core/Src/main.o
 .debug_macro   0x0000000000001545       0x1c ./Core/Src/main.o
 .debug_macro   0x0000000000001561       0x22 ./Core/Src/main.o
 .debug_macro   0x0000000000001583       0xd9 ./Core/Src/main.o
 .debug_macro   0x000000000000165c     0x102d ./Core/Src/main.o
 .debug_macro   0x0000000000002689      0x11f ./Core/Src/main.o
 .debug_macro   0x00000000000027a8     0xb953 ./Core/Src/main.o
 .debug_macro   0x000000000000e0fb       0x6d ./Core/Src/main.o
 .debug_macro   0x000000000000e168     0x367e ./Core/Src/main.o
 .debug_macro   0x00000000000117e6      0x174 ./Core/Src/main.o
 .debug_macro   0x000000000001195a       0x5c ./Core/Src/main.o
 .debug_macro   0x00000000000119b6      0x447 ./Core/Src/main.o
 .debug_macro   0x0000000000011dfd      0x9fe ./Core/Src/main.o
 .debug_macro   0x00000000000127fb      0x115 ./Core/Src/main.o
 .debug_macro   0x0000000000012910      0x11b ./Core/Src/main.o
 .debug_macro   0x0000000000012a2b       0xa5 ./Core/Src/main.o
 .debug_macro   0x0000000000012ad0      0x15f ./Core/Src/main.o
 .debug_macro   0x0000000000012c2f      0x287 ./Core/Src/main.o
 .debug_macro   0x0000000000012eb6       0x5f ./Core/Src/main.o
 .debug_macro   0x0000000000012f15      0x236 ./Core/Src/main.o
 .debug_macro   0x000000000001314b      0x132 ./Core/Src/main.o
 .debug_macro   0x000000000001327d      0x264 ./Core/Src/main.o
 .debug_macro   0x00000000000134e1       0x2e ./Core/Src/main.o
 .debug_macro   0x000000000001350f      0x11a ./Core/Src/main.o
 .debug_macro   0x0000000000013629       0x85 ./Core/Src/main.o
 .debug_macro   0x00000000000136ae       0x89 ./Core/Src/main.o
 .debug_macro   0x0000000000013737      0x8e6 ./Core/Src/main.o
 .debug_macro   0x000000000001401d       0x47 ./Core/Src/main.o
 .debug_macro   0x0000000000014064      0x126 ./Core/Src/main.o
 .debug_macro   0x000000000001418a       0x52 ./Core/Src/main.o
 .debug_macro   0x00000000000141dc       0x1e ./Core/Src/main.o
 .debug_macro   0x00000000000141fa       0x3c ./Core/Src/main.o
 .debug_macro   0x0000000000014236       0x34 ./Core/Src/main.o
 .debug_macro   0x000000000001426a       0x16 ./Core/Src/main.o
 .debug_macro   0x0000000000014280       0x35 ./Core/Src/main.o
 .debug_macro   0x00000000000142b5      0x341 ./Core/Src/main.o
 .debug_macro   0x00000000000145f6       0x10 ./Core/Src/main.o
 .debug_macro   0x0000000000014606       0x16 ./Core/Src/main.o
 .debug_macro   0x000000000001461c       0x43 ./Core/Src/main.o
 .debug_macro   0x000000000001465f       0x34 ./Core/Src/main.o
 .debug_macro   0x0000000000014693       0x10 ./Core/Src/main.o
 .debug_macro   0x00000000000146a3       0x58 ./Core/Src/main.o
 .debug_macro   0x00000000000146fb       0x71 ./Core/Src/main.o
 .debug_macro   0x000000000001476c       0x1c ./Core/Src/main.o
 .debug_macro   0x0000000000014788      0x12a ./Core/Src/main.o
 .debug_macro   0x00000000000148b2       0x10 ./Core/Src/main.o
 .debug_macro   0x00000000000148c2       0x1c ./Core/Src/main.o
 .debug_macro   0x00000000000148de       0x52 ./Core/Src/main.o
 .debug_macro   0x0000000000014930       0x22 ./Core/Src/main.o
 .debug_macro   0x0000000000014952       0x10 ./Core/Src/main.o
 .debug_macro   0x0000000000014962       0x52 ./Core/Src/main.o
 .debug_macro   0x00000000000149b4       0xd5 ./Core/Src/main.o
 .debug_macro   0x0000000000014a89       0x1c ./Core/Src/main.o
 .debug_macro   0x0000000000014aa5       0x3d ./Core/Src/main.o
 .debug_macro   0x0000000000014ae2       0x16 ./Core/Src/main.o
 .debug_macro   0x0000000000014af8      0x145 ./Core/Src/main.o
 .debug_macro   0x0000000000014c3d      0x106 ./Core/Src/main.o
 .debug_macro   0x0000000000014d43      0x15a ./Core/Src/main.o
 .debug_macro   0x0000000000014e9d       0xea ./Core/Src/main.o
 .debug_macro   0x0000000000014f87       0x1c ./Core/Src/main.o
 .debug_macro   0x0000000000014fa3       0x26 ./Core/Src/main.o
 .debug_macro   0x0000000000014fc9      0x4fd ./Core/Src/main.o
 .debug_macro   0x00000000000154c6       0xb5 ./Core/Src/main.o
 .debug_macro   0x000000000001557b      0x120 ./Core/Src/main.o
 .debug_macro   0x000000000001569b      0x1ce ./Core/Src/stm32f4xx_hal_msp.o
 .debug_macro   0x0000000000015869      0x1c4 ./Core/Src/stm32f4xx_hal_timebase_tim.o
 .debug_macro   0x0000000000015a2d      0x1d8 ./Core/Src/stm32f4xx_it.o
 .debug_macro   0x0000000000015c05      0x1c4 ./Core/Src/system_stm32f4xx.o
 .debug_macro   0x0000000000015dc9      0x224 ./Drivers/STM32F4xx_HAL_Driver/Src/stm32f4xx_hal.o
 .debug_macro   0x0000000000015fed      0x1c4 ./Drivers/STM32F4xx_HAL_Driver/Src/stm32f4xx_hal_cortex.o
 .debug_macro   0x00000000000161b1      0x1ca ./Drivers/STM32F4xx_HAL_Driver/Src/stm32f4xx_hal_gpio.o
 .debug_macro   0x000000000001637b      0x1e8 ./Drivers/STM32F4xx_HAL_Driver/Src/stm32f4xx_hal_rcc.o
 .debug_macro   0x0000000000016563      0x1c5 ./Drivers/STM32F4xx_HAL_Driver/Src/stm32f4xx_hal_tim.o
 .debug_macro   0x0000000000016728      0x1c4 ./Drivers/STM32F4xx_HAL_Driver/Src/stm32f4xx_hal_tim_ex.o
 .debug_macro   0x00000000000168ec      0x193 ./ThirdParty/FreeRTOS/list.o
 .debug_macro   0x0000000000016a7f      0x21c ./ThirdParty/FreeRTOS/queue.o
 .debug_macro   0x0000000000016c9b       0x16 ./ThirdParty/FreeRTOS/queue.o
 .debug_macro   0x0000000000016cb1       0x20 ./ThirdParty/FreeRTOS/queue.o
 .debug_macro   0x0000000000016cd1       0x80 ./ThirdParty/FreeRTOS/queue.o
 .debug_macro   0x0000000000016d51      0x279 ./ThirdParty/FreeRTOS/tasks.o
 .debug_macro   0x0000000000016fca       0x10 ./ThirdParty/FreeRTOS/tasks.o
 .debug_macro   0x0000000000016fda      0x1dc ./ThirdParty/FreeRTOS/timers.o
 .debug_macro   0x00000000000171b6       0x97 ./ThirdParty/FreeRTOS/timers.o
 .debug_macro   0x000000000001724d      0x196 ./ThirdParty/FreeRTOS/portable/GCC/ARM_CM4F/port.o
 .debug_macro   0x00000000000173e3      0x1ae ./ThirdParty/FreeRTOS/portable/MemMang/heap_4.o

.debug_line     0x0000000000000000     0xfa47
 .debug_line    0x0000000000000000      0xbe8 ./Core/Src/main.o
 .debug_line    0x0000000000000be8      0x687 ./Core/Src/stm32f4xx_hal_msp.o
 .debug_line    0x000000000000126f      0x6f3 ./Core/Src/stm32f4xx_hal_timebase_tim.o
 .debug_line    0x0000000000001962      0x73f ./Core/Src/stm32f4xx_it.o
 .debug_line    0x00000000000020a1      0x709 ./Core/Src/system_stm32f4xx.o
 .debug_line    0x00000000000027aa       0x88 ./Core/Startup/startup_stm32f411vetx.o
 .debug_line    0x0000000000002832      0x96f ./Drivers/STM32F4xx_HAL_Driver/Src/stm32f4xx_hal.o
 .debug_line    0x00000000000031a1      0xc1e ./Drivers/STM32F4xx_HAL_Driver/Src/stm32f4xx_hal_cortex.o
 .debug_line    0x0000000000003dbf      0xaa7 ./Drivers/STM32F4xx_HAL_Driver/Src/stm32f4xx_hal_gpio.o
 .debug_line    0x0000000000004866      0xce9 ./Drivers/STM32F4xx_HAL_Driver/Src/stm32f4xx_hal_rcc.o
 .debug_line    0x000000000000554f     0x343d ./Drivers/STM32F4xx_HAL_Driver/Src/stm32f4xx_hal_tim.o
 .debug_line    0x000000000000898c     0x1907 ./Drivers/STM32F4xx_HAL_Driver/Src/stm32f4xx_hal_tim_ex.o
 .debug_line    0x000000000000a293      0x731 ./ThirdParty/FreeRTOS/list.o
 .debug_line    0x000000000000a9c4     0x15da ./ThirdParty/FreeRTOS/queue.o
 .debug_line    0x000000000000bf9e     0x1c7f ./ThirdParty/FreeRTOS/tasks.o
 .debug_line    0x000000000000dc1d      0xc90 ./ThirdParty/FreeRTOS/timers.o
 .debug_line    0x000000000000e8ad      0x81e ./ThirdParty/FreeRTOS/portable/GCC/ARM_CM4F/port.o
 .debug_line    0x000000000000f0cb      0x97c ./ThirdParty/FreeRTOS/portable/MemMang/heap_4.o

.debug_str      0x0000000000000000    0x93f20
 .debug_str     0x0000000000000000    0x8dec2 ./Core/Src/main.o
                                      0x8e25f (size before relaxing)
 .debug_str     0x000000000008dec2       0x2c ./Core/Src/stm32f4xx_hal_msp.o
                                      0x84c07 (size before relaxing)
 .debug_str     0x000000000008deee       0xf7 ./Core/Src/stm32f4xx_hal_timebase_tim.o
                                      0x85646 (size before relaxing)
 .debug_str     0x000000000008dfe5       0xe8 ./Core/Src/stm32f4xx_it.o
                                      0x85102 (size before relaxing)
 .debug_str     0x000000000008e0cd       0xdb ./Core/Src/system_stm32f4xx.o
                                      0x84cb7 (size before relaxing)
 .debug_str     0x000000000008e1a8       0x36 ./Core/Startup/startup_stm32f411vetx.o
                                         0x6b (size before relaxing)
 .debug_str     0x000000000008e1de      0x5d3 ./Drivers/STM32F4xx_HAL_Driver/Src/stm32f4xx_hal.o
                                      0x856e3 (size before relaxing)
 .debug_str     0x000000000008e7b1      0x33a ./Drivers/STM32F4xx_HAL_Driver/Src/stm32f4xx_hal_cortex.o
                                      0x85404 (size before relaxing)
 .debug_str     0x000000000008eaeb      0x105 ./Drivers/STM32F4xx_HAL_Driver/Src/stm32f4xx_hal_gpio.o
                                      0x84e32 (size before relaxing)
 .debug_str     0x000000000008ebf0      0x1fd ./Drivers/STM32F4xx_HAL_Driver/Src/stm32f4xx_hal_rcc.o
                                      0x850eb (size before relaxing)
 .debug_str     0x000000000008eded      0xe69 ./Drivers/STM32F4xx_HAL_Driver/Src/stm32f4xx_hal_tim.o
                                      0x8601f (size before relaxing)
 .debug_str     0x000000000008fc56      0x503 ./Drivers/STM32F4xx_HAL_Driver/Src/stm32f4xx_hal_tim_ex.o
                                      0x8583b (size before relaxing)
 .debug_str     0x0000000000090159      0x265 ./ThirdParty/FreeRTOS/list.o
                                       0xa84f (size before relaxing)
 .debug_str     0x00000000000903be     0x11bc ./ThirdParty/FreeRTOS/queue.o
                                       0xccda (size before relaxing)
 .debug_str     0x000000000009157a     0x1a28 ./ThirdParty/FreeRTOS/tasks.o
                                       0xd92e (size before relaxing)
 .debug_str     0x0000000000092fa2      0x507 ./ThirdParty/FreeRTOS/timers.o
                                       0xd06e (size before relaxing)
 .debug_str     0x00000000000934a9      0x767 ./ThirdParty/FreeRTOS/portable/GCC/ARM_CM4F/port.o
                                       0x933b (size before relaxing)
 .debug_str     0x0000000000093c10      0x310 ./ThirdParty/FreeRTOS/portable/MemMang/heap_4.o
                                       0xbd18 (size before relaxing)

.comment        0x0000000000000000       0x50
 .comment       0x0000000000000000       0x50 ./Core/Src/main.o
                                         0x51 (size before relaxing)
 .comment       0x0000000000000050       0x51 ./Core/Src/stm32f4xx_hal_msp.o
 .comment       0x0000000000000050       0x51 ./Core/Src/stm32f4xx_hal_timebase_tim.o
 .comment       0x0000000000000050       0x51 ./Core/Src/stm32f4xx_it.o
 .comment       0x0000000000000050       0x51 ./Core/Src/system_stm32f4xx.o
 .comment       0x0000000000000050       0x51 ./Drivers/STM32F4xx_HAL_Driver/Src/stm32f4xx_hal.o
 .comment       0x0000000000000050       0x51 ./Drivers/STM32F4xx_HAL_Driver/Src/stm32f4xx_hal_cortex.o
 .comment       0x0000000000000050       0x51 ./Drivers/STM32F4xx_HAL_Driver/Src/stm32f4xx_hal_gpio.o
 .comment       0x0000000000000050       0x51 ./Drivers/STM32F4xx_HAL_Driver/Src/stm32f4xx_hal_rcc.o
 .comment       0x0000000000000050       0x51 ./Drivers/STM32F4xx_HAL_Driver/Src/stm32f4xx_hal_tim.o
 .comment       0x0000000000000050       0x51 ./Drivers/STM32F4xx_HAL_Driver/Src/stm32f4xx_hal_tim_ex.o
 .comment       0x0000000000000050       0x51 ./ThirdParty/FreeRTOS/list.o
 .comment       0x0000000000000050       0x51 ./ThirdParty/FreeRTOS/queue.o
 .comment       0x0000000000000050       0x51 ./ThirdParty/FreeRTOS/tasks.o
 .comment       0x0000000000000050       0x51 ./ThirdParty/FreeRTOS/timers.o
 .comment       0x0000000000000050       0x51 ./ThirdParty/FreeRTOS/portable/GCC/ARM_CM4F/port.o
 .comment       0x0000000000000050       0x51 ./ThirdParty/FreeRTOS/portable/MemMang/heap_4.o

.debug_frame    0x0000000000000000     0x3c50
 .debug_frame   0x0000000000000000      0x158 ./Core/Src/main.o
 .debug_frame   0x0000000000000158       0x38 ./Core/Src/stm32f4xx_hal_msp.o
 .debug_frame   0x0000000000000190       0x74 ./Core/Src/stm32f4xx_hal_timebase_tim.o
 .debug_frame   0x0000000000000204       0xe0 ./Core/Src/stm32f4xx_it.o
 .debug_frame   0x00000000000002e4       0x58 ./Core/Src/system_stm32f4xx.o
 .debug_frame   0x000000000000033c      0x374 ./Drivers/STM32F4xx_HAL_Driver/Src/stm32f4xx_hal.o
 .debug_frame   0x00000000000006b0      0x498 ./Drivers/STM32F4xx_HAL_Driver/Src/stm32f4xx_hal_cortex.o
 .debug_frame   0x0000000000000b48      0x14c ./Drivers/STM32F4xx_HAL_Driver/Src/stm32f4xx_hal_gpio.o
 .debug_frame   0x0000000000000c94      0x1f4 ./Drivers/STM32F4xx_HAL_Driver/Src/stm32f4xx_hal_rcc.o
 .debug_frame   0x0000000000000e88     0x11bc ./Drivers/STM32F4xx_HAL_Driver/Src/stm32f4xx_hal_tim.o
 .debug_frame   0x0000000000002044      0x638 ./Drivers/STM32F4xx_HAL_Driver/Src/stm32f4xx_hal_tim_ex.o
 .debug_frame   0x000000000000267c       0xd8 ./ThirdParty/FreeRTOS/list.o
 .debug_frame   0x0000000000002754      0x534 ./ThirdParty/FreeRTOS/queue.o
 .debug_frame   0x0000000000002c88      0x894 ./ThirdParty/FreeRTOS/tasks.o
 .debug_frame   0x000000000000351c      0x38c ./ThirdParty/FreeRTOS/timers.o
 .debug_frame   0x00000000000038a8      0x1a8 ./ThirdParty/FreeRTOS/portable/GCC/ARM_CM4F/port.o
 .debug_frame   0x0000000000003a50      0x12c ./ThirdParty/FreeRTOS/portable/MemMang/heap_4.o
 .debug_frame   0x0000000000003b7c       0x2c /opt/st/stm32cubeide_1.11.0/plugins/com.st.stm32cube.ide.mcu.externaltools.gnu-tools-for-stm32.10.3-2021.10.linux64_1.0.100.202210260954/tools/bin/../lib/gcc/arm-none-eabi/10.3.1/../../../../arm-none-eabi/lib/thumb/v7e-m+fp/hard/libc_nano.a(lib_a-init.o)
 .debug_frame   0x0000000000003ba8       0x28 /opt/st/stm32cubeide_1.11.0/plugins/com.st.stm32cube.ide.mcu.externaltools.gnu-tools-for-stm32.10.3-2021.10.linux64_1.0.100.202210260954/tools/bin/../lib/gcc/arm-none-eabi/10.3.1/../../../../arm-none-eabi/lib/thumb/v7e-m+fp/hard/libc_nano.a(lib_a-memcpy-stub.o)
 .debug_frame   0x0000000000003bd0       0x20 /opt/st/stm32cubeide_1.11.0/plugins/com.st.stm32cube.ide.mcu.externaltools.gnu-tools-for-stm32.10.3-2021.10.linux64_1.0.100.202210260954/tools/bin/../lib/gcc/arm-none-eabi/10.3.1/../../../../arm-none-eabi/lib/thumb/v7e-m+fp/hard/libc_nano.a(lib_a-memset.o)
 .debug_frame   0x0000000000003bf0       0x2c /opt/st/stm32cubeide_1.11.0/plugins/com.st.stm32cube.ide.mcu.externaltools.gnu-tools-for-stm32.10.3-2021.10.linux64_1.0.100.202210260954/tools/bin/../lib/gcc/arm-none-eabi/10.3.1/thumb/v7e-m+fp/hard/libgcc.a(_aeabi_uldivmod.o)
 .debug_frame   0x0000000000003c1c       0x34 /opt/st/stm32cubeide_1.11.0/plugins/com.st.stm32cube.ide.mcu.externaltools.gnu-tools-for-stm32.10.3-2021.10.linux64_1.0.100.202210260954/tools/bin/../lib/gcc/arm-none-eabi/10.3.1/thumb/v7e-m+fp/hard/libgcc.a(_udivmoddi4.o)
